have_func: checking for rb_enc_interned_str() in ruby.h... -------------------- no

"gcc-14 -o conftest -I/home/sfrizzle/.rbenv/versions/2.6.9/include/ruby-2.6.0/x86_64-linux -I/home/sfrizzle/.rbenv/versions/2.6.9/include/ruby-2.6.0/ruby/backward -I/home/sfrizzle/.rbenv/versions/2.6.9/include/ruby-2.6.0 -I.     -std=gnu17 -fPIC conftest.c  -L. -L/home/sfrizzle/.rbenv/versions/2.6.9/lib -Wl,-rpath,/home/sfrizzle/.rbenv/versions/2.6.9/lib -L. -fstack-protector-strong -rdynamic -Wl,-export-dynamic     -Wl,-rpath,/home/sfrizzle/.rbenv/versions/2.6.9/lib -L/home/sfrizzle/.rbenv/versions/2.6.9/lib -lruby  -lm   -lc"
checked program was:
/* begin */
1: #include "ruby.h"
2: 
3: int main(int argc, char **argv)
4: {
5:   return 0;
6: }
/* end */

"gcc-14 -o conftest -I/home/sfrizzle/.rbenv/versions/2.6.9/include/ruby-2.6.0/x86_64-linux -I/home/sfrizzle/.rbenv/versions/2.6.9/include/ruby-2.6.0/ruby/backward -I/home/sfrizzle/.rbenv/versions/2.6.9/include/ruby-2.6.0 -I.     -std=gnu17 -fPIC conftest.c  -L. -L/home/sfrizzle/.rbenv/versions/2.6.9/lib -Wl,-rpath,/home/sfrizzle/.rbenv/versions/2.6.9/lib -L. -fstack-protector-strong -rdynamic -Wl,-export-dynamic     -Wl,-rpath,/home/sfrizzle/.rbenv/versions/2.6.9/lib -L/home/sfrizzle/.rbenv/versions/2.6.9/lib -lruby  -lm   -lc"
conftest.c: In function ‘t’:
conftest.c:16:57: error: ‘rb_enc_interned_str’ undeclared (first use in this function); did you mean ‘rb_sym_interned_p’?
   16 | int t(void) { void ((*volatile p)()); p = (void ((*)()))rb_enc_interned_str; return !p; }
      |                                                         ^~~~~~~~~~~~~~~~~~~
      |                                                         rb_sym_interned_p
conftest.c:16:57: note: each undeclared identifier is reported only once for each function it appears in
checked program was:
/* begin */
 1: #include "ruby.h"
 2: 
 3: #include <ruby.h>
 4: 
 5: /*top*/
 6: extern int t(void);
 7: int main(int argc, char **argv)
 8: {
 9:   if (argc > 1000000) {
10:     int (* volatile tp)(void)=(int (*)(void))&t;
11:     printf("%d", (*tp)());
12:   }
13: 
14:   return 0;
15: }
16: int t(void) { void ((*volatile p)()); p = (void ((*)()))rb_enc_interned_str; return !p; }
/* end */

"gcc-14 -o conftest -I/home/sfrizzle/.rbenv/versions/2.6.9/include/ruby-2.6.0/x86_64-linux -I/home/sfrizzle/.rbenv/versions/2.6.9/include/ruby-2.6.0/ruby/backward -I/home/sfrizzle/.rbenv/versions/2.6.9/include/ruby-2.6.0 -I.     -std=gnu17 -fPIC conftest.c  -L. -L/home/sfrizzle/.rbenv/versions/2.6.9/lib -Wl,-rpath,/home/sfrizzle/.rbenv/versions/2.6.9/lib -L. -fstack-protector-strong -rdynamic -Wl,-export-dynamic     -Wl,-rpath,/home/sfrizzle/.rbenv/versions/2.6.9/lib -L/home/sfrizzle/.rbenv/versions/2.6.9/lib -lruby  -lm   -lc"
/usr/bin/x86_64-linux-gnu-ld.bfd: /tmp/ccD34x11.o: in function `t':
conftest.c:(.text+0x58): undefined reference to `rb_enc_interned_str'
collect2: error: ld returned 1 exit status
checked program was:
/* begin */
 1: #include "ruby.h"
 2: 
 3: #include <ruby.h>
 4: 
 5: /*top*/
 6: extern int t(void);
 7: int main(int argc, char **argv)
 8: {
 9:   if (argc > 1000000) {
10:     int (* volatile tp)(void)=(int (*)(void))&t;
11:     printf("%d", (*tp)());
12:   }
13: 
14:   return 0;
15: }
16: extern void rb_enc_interned_str();
17: int t(void) { rb_enc_interned_str(); return 0; }
/* end */

--------------------

have_func: checking for rb_hash_new_capa() in ruby.h... -------------------- no

"gcc-14 -o conftest -I/home/sfrizzle/.rbenv/versions/2.6.9/include/ruby-2.6.0/x86_64-linux -I/home/sfrizzle/.rbenv/versions/2.6.9/include/ruby-2.6.0/ruby/backward -I/home/sfrizzle/.rbenv/versions/2.6.9/include/ruby-2.6.0 -I.     -std=gnu17 -fPIC conftest.c  -L. -L/home/sfrizzle/.rbenv/versions/2.6.9/lib -Wl,-rpath,/home/sfrizzle/.rbenv/versions/2.6.9/lib -L. -fstack-protector-strong -rdynamic -Wl,-export-dynamic     -Wl,-rpath,/home/sfrizzle/.rbenv/versions/2.6.9/lib -L/home/sfrizzle/.rbenv/versions/2.6.9/lib -lruby  -lm   -lc"
conftest.c: In function ‘t’:
conftest.c:16:57: error: ‘rb_hash_new_capa’ undeclared (first use in this function); did you mean ‘rb_ary_new_capa’?
   16 | int t(void) { void ((*volatile p)()); p = (void ((*)()))rb_hash_new_capa; return !p; }
      |                                                         ^~~~~~~~~~~~~~~~
      |                                                         rb_ary_new_capa
conftest.c:16:57: note: each undeclared identifier is reported only once for each function it appears in
checked program was:
/* begin */
 1: #include "ruby.h"
 2: 
 3: #include <ruby.h>
 4: 
 5: /*top*/
 6: extern int t(void);
 7: int main(int argc, char **argv)
 8: {
 9:   if (argc > 1000000) {
10:     int (* volatile tp)(void)=(int (*)(void))&t;
11:     printf("%d", (*tp)());
12:   }
13: 
14:   return 0;
15: }
16: int t(void) { void ((*volatile p)()); p = (void ((*)()))rb_hash_new_capa; return !p; }
/* end */

"gcc-14 -o conftest -I/home/sfrizzle/.rbenv/versions/2.6.9/include/ruby-2.6.0/x86_64-linux -I/home/sfrizzle/.rbenv/versions/2.6.9/include/ruby-2.6.0/ruby/backward -I/home/sfrizzle/.rbenv/versions/2.6.9/include/ruby-2.6.0 -I.     -std=gnu17 -fPIC conftest.c  -L. -L/home/sfrizzle/.rbenv/versions/2.6.9/lib -Wl,-rpath,/home/sfrizzle/.rbenv/versions/2.6.9/lib -L. -fstack-protector-strong -rdynamic -Wl,-export-dynamic     -Wl,-rpath,/home/sfrizzle/.rbenv/versions/2.6.9/lib -L/home/sfrizzle/.rbenv/versions/2.6.9/lib -lruby  -lm   -lc"
/usr/bin/x86_64-linux-gnu-ld.bfd: /tmp/ccKkBSZN.o: in function `t':
conftest.c:(.text+0x58): undefined reference to `rb_hash_new_capa'
collect2: error: ld returned 1 exit status
checked program was:
/* begin */
 1: #include "ruby.h"
 2: 
 3: #include <ruby.h>
 4: 
 5: /*top*/
 6: extern int t(void);
 7: int main(int argc, char **argv)
 8: {
 9:   if (argc > 1000000) {
10:     int (* volatile tp)(void)=(int (*)(void))&t;
11:     printf("%d", (*tp)());
12:   }
13: 
14:   return 0;
15: }
16: extern void rb_hash_new_capa();
17: int t(void) { rb_hash_new_capa(); return 0; }
/* end */

--------------------

have_func: checking for rb_proc_call_with_block() in ruby.h... -------------------- yes

"gcc-14 -o conftest -I/home/sfrizzle/.rbenv/versions/2.6.9/include/ruby-2.6.0/x86_64-linux -I/home/sfrizzle/.rbenv/versions/2.6.9/include/ruby-2.6.0/ruby/backward -I/home/sfrizzle/.rbenv/versions/2.6.9/include/ruby-2.6.0 -I.     -std=gnu17 -fPIC conftest.c  -L. -L/home/sfrizzle/.rbenv/versions/2.6.9/lib -Wl,-rpath,/home/sfrizzle/.rbenv/versions/2.6.9/lib -L. -fstack-protector-strong -rdynamic -Wl,-export-dynamic     -Wl,-rpath,/home/sfrizzle/.rbenv/versions/2.6.9/lib -L/home/sfrizzle/.rbenv/versions/2.6.9/lib -lruby  -lm   -lc"
checked program was:
/* begin */
 1: #include "ruby.h"
 2: 
 3: #include <ruby.h>
 4: 
 5: /*top*/
 6: extern int t(void);
 7: int main(int argc, char **argv)
 8: {
 9:   if (argc > 1000000) {
10:     int (* volatile tp)(void)=(int (*)(void))&t;
11:     printf("%d", (*tp)());
12:   }
13: 
14:   return 0;
15: }
16: int t(void) { void ((*volatile p)()); p = (void ((*)()))rb_proc_call_with_block; return !p; }
/* end */

--------------------

have_func: checking for rb_gc_mark_locations() in ruby.h... -------------------- yes

"gcc-14 -o conftest -I/home/sfrizzle/.rbenv/versions/2.6.9/include/ruby-2.6.0/x86_64-linux -I/home/sfrizzle/.rbenv/versions/2.6.9/include/ruby-2.6.0/ruby/backward -I/home/sfrizzle/.rbenv/versions/2.6.9/include/ruby-2.6.0 -I.     -std=gnu17 -fPIC conftest.c  -L. -L/home/sfrizzle/.rbenv/versions/2.6.9/lib -Wl,-rpath,/home/sfrizzle/.rbenv/versions/2.6.9/lib -L. -fstack-protector-strong -rdynamic -Wl,-export-dynamic     -Wl,-rpath,/home/sfrizzle/.rbenv/versions/2.6.9/lib -L/home/sfrizzle/.rbenv/versions/2.6.9/lib -lruby  -lm   -lc"
checked program was:
/* begin */
 1: #include "ruby.h"
 2: 
 3: #include <ruby.h>
 4: 
 5: /*top*/
 6: extern int t(void);
 7: int main(int argc, char **argv)
 8: {
 9:   if (argc > 1000000) {
10:     int (* volatile tp)(void)=(int (*)(void))&t;
11:     printf("%d", (*tp)());
12:   }
13: 
14:   return 0;
15: }
16: int t(void) { void ((*volatile p)()); p = (void ((*)()))rb_gc_mark_locations; return !p; }
/* end */

--------------------

block in append_cflags: checking for whether -fvisibility=hidden is accepted as CFLAGS... -------------------- yes

"gcc-14 -I/home/sfrizzle/.rbenv/versions/2.6.9/include/ruby-2.6.0/x86_64-linux -I/home/sfrizzle/.rbenv/versions/2.6.9/include/ruby-2.6.0/ruby/backward -I/home/sfrizzle/.rbenv/versions/2.6.9/include/ruby-2.6.0 -I.     -std=gnu17 -fPIC  -fvisibility=hidden -Werror -c conftest.c"
checked program was:
/* begin */
1: #include "ruby.h"
2: 
3: int main(int argc, char **argv)
4: {
5:   return 0;
6: }
/* end */

--------------------

block in append_cflags: checking for whether -I.. is accepted as CFLAGS... -------------------- yes

"gcc-14 -I/home/sfrizzle/.rbenv/versions/2.6.9/include/ruby-2.6.0/x86_64-linux -I/home/sfrizzle/.rbenv/versions/2.6.9/include/ruby-2.6.0/ruby/backward -I/home/sfrizzle/.rbenv/versions/2.6.9/include/ruby-2.6.0 -I.     -std=gnu17 -fPIC -fvisibility=hidden  -I.. -Werror -c conftest.c"
checked program was:
/* begin */
1: #include "ruby.h"
2: 
3: int main(int argc, char **argv)
4: {
5:   return 0;
6: }
/* end */

--------------------

block in append_cflags: checking for whether -Wall is accepted as CFLAGS... -------------------- yes

"gcc-14 -I/home/sfrizzle/.rbenv/versions/2.6.9/include/ruby-2.6.0/x86_64-linux -I/home/sfrizzle/.rbenv/versions/2.6.9/include/ruby-2.6.0/ruby/backward -I/home/sfrizzle/.rbenv/versions/2.6.9/include/ruby-2.6.0 -I.     -std=gnu17 -fPIC -fvisibility=hidden -I..  -Wall -Werror -c conftest.c"
checked program was:
/* begin */
1: #include "ruby.h"
2: 
3: int main(int argc, char **argv)
4: {
5:   return 0;
6: }
/* end */

--------------------

block in append_cflags: checking for whether -std=gnu99 is accepted as CFLAGS... -------------------- yes

"gcc-14 -I/home/sfrizzle/.rbenv/versions/2.6.9/include/ruby-2.6.0/x86_64-linux -I/home/sfrizzle/.rbenv/versions/2.6.9/include/ruby-2.6.0/ruby/backward -I/home/sfrizzle/.rbenv/versions/2.6.9/include/ruby-2.6.0 -I.     -std=gnu17 -fPIC -fvisibility=hidden -I.. -Wall  -std=gnu99 -Werror -c conftest.c"
checked program was:
/* begin */
1: #include "ruby.h"
2: 
3: int main(int argc, char **argv)
4: {
5:   return 0;
6: }
/* end */

--------------------

block in append_cflags: checking for whether -DHASH_ASET_DEDUPE=1 is accepted as CFLAGS... -------------------- yes

"gcc-14 -I/home/sfrizzle/.rbenv/versions/2.6.9/include/ruby-2.6.0/x86_64-linux -I/home/sfrizzle/.rbenv/versions/2.6.9/include/ruby-2.6.0/ruby/backward -I/home/sfrizzle/.rbenv/versions/2.6.9/include/ruby-2.6.0 -I.     -std=gnu17 -fPIC -fvisibility=hidden -I.. -Wall -std=gnu99  -DHASH_ASET_DEDUPE=1 -Werror -c conftest.c"
checked program was:
/* begin */
1: #include "ruby.h"
2: 
3: int main(int argc, char **argv)
4: {
5:   return 0;
6: }
/* end */

--------------------

block in append_cflags: checking for whether -DSTR_UMINUS_DEDUPE_FROZEN=0 is accepted as CFLAGS... -------------------- yes

"gcc-14 -I/home/sfrizzle/.rbenv/versions/2.6.9/include/ruby-2.6.0/x86_64-linux -I/home/sfrizzle/.rbenv/versions/2.6.9/include/ruby-2.6.0/ruby/backward -I/home/sfrizzle/.rbenv/versions/2.6.9/include/ruby-2.6.0 -I.     -std=gnu17 -fPIC -fvisibility=hidden -I.. -Wall -std=gnu99 -DHASH_ASET_DEDUPE=1  -DSTR_UMINUS_DEDUPE_FROZEN=0 -Werror -c conftest.c"
checked program was:
/* begin */
1: #include "ruby.h"
2: 
3: int main(int argc, char **argv)
4: {
5:   return 0;
6: }
/* end */

--------------------

