have_header: checking for unistd.h... -------------------- yes

"gcc-14 -o conftest -I/home/sfrizzle/.rbenv/versions/2.6.9/include/ruby-2.6.0/x86_64-linux -I/home/sfrizzle/.rbenv/versions/2.6.9/include/ruby-2.6.0/ruby/backward -I/home/sfrizzle/.rbenv/versions/2.6.9/include/ruby-2.6.0 -I.     -std=gnu17 -fPIC conftest.c  -L. -L/home/sfrizzle/.rbenv/versions/2.6.9/lib -Wl,-rpath,/home/sfrizzle/.rbenv/versions/2.6.9/lib -L. -fstack-protector-strong -rdynamic -Wl,-export-dynamic     -Wl,-rpath,/home/sfrizzle/.rbenv/versions/2.6.9/lib -L/home/sfrizzle/.rbenv/versions/2.6.9/lib -lruby  -lm   -lc"
checked program was:
/* begin */
1: #include "ruby.h"
2: 
3: int main(int argc, char **argv)
4: {
5:   return 0;
6: }
/* end */

"gcc-14 -E -I/home/sfrizzle/.rbenv/versions/2.6.9/include/ruby-2.6.0/x86_64-linux -I/home/sfrizzle/.rbenv/versions/2.6.9/include/ruby-2.6.0/ruby/backward -I/home/sfrizzle/.rbenv/versions/2.6.9/include/ruby-2.6.0 -I.     -std=gnu17 -fPIC  conftest.c -o conftest.i"
checked program was:
/* begin */
1: #include "ruby.h"
2: 
3: #include <unistd.h>
/* end */

--------------------

have_func: checking for rb_io_descriptor()... -------------------- no

"gcc-14 -o conftest -I/home/sfrizzle/.rbenv/versions/2.6.9/include/ruby-2.6.0/x86_64-linux -I/home/sfrizzle/.rbenv/versions/2.6.9/include/ruby-2.6.0/ruby/backward -I/home/sfrizzle/.rbenv/versions/2.6.9/include/ruby-2.6.0 -I.     -std=gnu17 -fPIC conftest.c  -L. -L/home/sfrizzle/.rbenv/versions/2.6.9/lib -Wl,-rpath,/home/sfrizzle/.rbenv/versions/2.6.9/lib -L. -fstack-protector-strong -rdynamic -Wl,-export-dynamic     -Wl,-rpath,/home/sfrizzle/.rbenv/versions/2.6.9/lib -L/home/sfrizzle/.rbenv/versions/2.6.9/lib -lruby  -lm   -lc"
conftest.c: In function ‘t’:
conftest.c:14:57: error: ‘rb_io_descriptor’ undeclared (first use in this function)
   14 | int t(void) { void ((*volatile p)()); p = (void ((*)()))rb_io_descriptor; return !p; }
      |                                                         ^~~~~~~~~~~~~~~~
conftest.c:14:57: note: each undeclared identifier is reported only once for each function it appears in
checked program was:
/* begin */
 1: #include "ruby.h"
 2: 
 3: /*top*/
 4: extern int t(void);
 5: int main(int argc, char **argv)
 6: {
 7:   if (argc > 1000000) {
 8:     int (* volatile tp)(void)=(int (*)(void))&t;
 9:     printf("%d", (*tp)());
10:   }
11: 
12:   return 0;
13: }
14: int t(void) { void ((*volatile p)()); p = (void ((*)()))rb_io_descriptor; return !p; }
/* end */

"gcc-14 -o conftest -I/home/sfrizzle/.rbenv/versions/2.6.9/include/ruby-2.6.0/x86_64-linux -I/home/sfrizzle/.rbenv/versions/2.6.9/include/ruby-2.6.0/ruby/backward -I/home/sfrizzle/.rbenv/versions/2.6.9/include/ruby-2.6.0 -I.     -std=gnu17 -fPIC conftest.c  -L. -L/home/sfrizzle/.rbenv/versions/2.6.9/lib -Wl,-rpath,/home/sfrizzle/.rbenv/versions/2.6.9/lib -L. -fstack-protector-strong -rdynamic -Wl,-export-dynamic     -Wl,-rpath,/home/sfrizzle/.rbenv/versions/2.6.9/lib -L/home/sfrizzle/.rbenv/versions/2.6.9/lib -lruby  -lm   -lc"
/usr/bin/x86_64-linux-gnu-ld.bfd: /tmp/ccg1oZ4B.o: in function `t':
conftest.c:(.text+0x58): undefined reference to `rb_io_descriptor'
collect2: error: ld returned 1 exit status
checked program was:
/* begin */
 1: #include "ruby.h"
 2: 
 3: /*top*/
 4: extern int t(void);
 5: int main(int argc, char **argv)
 6: {
 7:   if (argc > 1000000) {
 8:     int (* volatile tp)(void)=(int (*)(void))&t;
 9:     printf("%d", (*tp)());
10:   }
11: 
12:   return 0;
13: }
14: extern void rb_io_descriptor();
15: int t(void) { rb_io_descriptor(); return 0; }
/* end */

--------------------

have_header: checking for linux/aio_abi.h... -------------------- yes

"gcc-14 -E -I/home/sfrizzle/.rbenv/versions/2.6.9/include/ruby-2.6.0/x86_64-linux -I/home/sfrizzle/.rbenv/versions/2.6.9/include/ruby-2.6.0/ruby/backward -I/home/sfrizzle/.rbenv/versions/2.6.9/include/ruby-2.6.0 -I.     -std=gnu17 -fPIC  conftest.c -o conftest.i"
checked program was:
/* begin */
1: #include "ruby.h"
2: 
3: #include <linux/aio_abi.h>
/* end */

--------------------

have_header: checking for linux/io_uring.h... -------------------- yes

"gcc-14 -E -I/home/sfrizzle/.rbenv/versions/2.6.9/include/ruby-2.6.0/x86_64-linux -I/home/sfrizzle/.rbenv/versions/2.6.9/include/ruby-2.6.0/ruby/backward -I/home/sfrizzle/.rbenv/versions/2.6.9/include/ruby-2.6.0 -I.     -std=gnu17 -fPIC  conftest.c -o conftest.i"
checked program was:
/* begin */
1: #include "ruby.h"
2: 
3: #include <linux/io_uring.h>
/* end */

--------------------

have_header: checking for sys/select.h... -------------------- yes

"gcc-14 -E -I/home/sfrizzle/.rbenv/versions/2.6.9/include/ruby-2.6.0/x86_64-linux -I/home/sfrizzle/.rbenv/versions/2.6.9/include/ruby-2.6.0/ruby/backward -I/home/sfrizzle/.rbenv/versions/2.6.9/include/ruby-2.6.0 -I.     -std=gnu17 -fPIC  conftest.c -o conftest.i"
checked program was:
/* begin */
1: #include "ruby.h"
2: 
3: #include <sys/select.h>
/* end */

--------------------

have_type: checking for port_event_t in poll.h... -------------------- no

"gcc-14 -I/home/sfrizzle/.rbenv/versions/2.6.9/include/ruby-2.6.0/x86_64-linux -I/home/sfrizzle/.rbenv/versions/2.6.9/include/ruby-2.6.0/ruby/backward -I/home/sfrizzle/.rbenv/versions/2.6.9/include/ruby-2.6.0 -I.     -std=gnu17 -fPIC   -c conftest.c"
conftest.c:6:9: error: unknown type name ‘port_event_t’
    6 | typedef port_event_t conftest_type;
      |         ^~~~~~~~~~~~
checked program was:
/* begin */
1: #include "ruby.h"
2: 
3: #include <poll.h>
4: 
5: /*top*/
6: typedef port_event_t conftest_type;
7: int conftestval[sizeof(conftest_type)?1:-1];
/* end */

--------------------

have_header: checking for sys/epoll.h... -------------------- yes

"gcc-14 -E -I/home/sfrizzle/.rbenv/versions/2.6.9/include/ruby-2.6.0/x86_64-linux -I/home/sfrizzle/.rbenv/versions/2.6.9/include/ruby-2.6.0/ruby/backward -I/home/sfrizzle/.rbenv/versions/2.6.9/include/ruby-2.6.0 -I.     -std=gnu17 -fPIC  conftest.c -o conftest.i"
checked program was:
/* begin */
1: #include "ruby.h"
2: 
3: #include <sys/epoll.h>
/* end */

--------------------

have_header: checking for sys/event.h... -------------------- no

"gcc-14 -E -I/home/sfrizzle/.rbenv/versions/2.6.9/include/ruby-2.6.0/x86_64-linux -I/home/sfrizzle/.rbenv/versions/2.6.9/include/ruby-2.6.0/ruby/backward -I/home/sfrizzle/.rbenv/versions/2.6.9/include/ruby-2.6.0 -I.     -std=gnu17 -fPIC  conftest.c -o conftest.i"
conftest.c:3:10: fatal error: sys/event.h: No such file or directory
    3 | #include <sys/event.h>
      |          ^~~~~~~~~~~~~
compilation terminated.
checked program was:
/* begin */
1: #include "ruby.h"
2: 
3: #include <sys/event.h>
/* end */

--------------------

have_type: checking for port_event_t in port.h... -------------------- no

"gcc-14 -I/home/sfrizzle/.rbenv/versions/2.6.9/include/ruby-2.6.0/x86_64-linux -I/home/sfrizzle/.rbenv/versions/2.6.9/include/ruby-2.6.0/ruby/backward -I/home/sfrizzle/.rbenv/versions/2.6.9/include/ruby-2.6.0 -I.     -std=gnu17 -fPIC   -c conftest.c"
conftest.c:3:10: fatal error: port.h: No such file or directory
    3 | #include <port.h>
      |          ^~~~~~~~
compilation terminated.
checked program was:
/* begin */
1: #include "ruby.h"
2: 
3: #include <port.h>
4: 
5: /*top*/
6: typedef port_event_t conftest_type;
7: int conftestval[sizeof(conftest_type)?1:-1];
/* end */

--------------------

have_header: checking for sys/resource.h... -------------------- yes

"gcc-14 -E -I/home/sfrizzle/.rbenv/versions/2.6.9/include/ruby-2.6.0/x86_64-linux -I/home/sfrizzle/.rbenv/versions/2.6.9/include/ruby-2.6.0/ruby/backward -I/home/sfrizzle/.rbenv/versions/2.6.9/include/ruby-2.6.0 -I.     -std=gnu17 -fPIC  conftest.c -o conftest.i"
checked program was:
/* begin */
1: #include "ruby.h"
2: 
3: #include <sys/resource.h>
/* end */

--------------------

