have_func: checking for fdatasync() in unistd.h... -------------------- yes

"gcc-14 -o conftest -I/home/sfrizzle/.rbenv/versions/2.6.9/include/ruby-2.6.0/x86_64-linux -I/home/sfrizzle/.rbenv/versions/2.6.9/include/ruby-2.6.0/ruby/backward -I/home/sfrizzle/.rbenv/versions/2.6.9/include/ruby-2.6.0 -I.     -std=gnu17 -fPIC conftest.c  -L. -L/home/sfrizzle/.rbenv/versions/2.6.9/lib -Wl,-rpath,/home/sfrizzle/.rbenv/versions/2.6.9/lib -L. -fstack-protector-strong -rdynamic -Wl,-export-dynamic     -Wl,-rpath,/home/sfrizzle/.rbenv/versions/2.6.9/lib -L/home/sfrizzle/.rbenv/versions/2.6.9/lib -lruby  -lm   -lc"
checked program was:
/* begin */
1: #include "ruby.h"
2: 
3: int main(int argc, char **argv)
4: {
5:   return 0;
6: }
/* end */

"gcc-14 -o conftest -I/home/sfrizzle/.rbenv/versions/2.6.9/include/ruby-2.6.0/x86_64-linux -I/home/sfrizzle/.rbenv/versions/2.6.9/include/ruby-2.6.0/ruby/backward -I/home/sfrizzle/.rbenv/versions/2.6.9/include/ruby-2.6.0 -I.     -std=gnu17 -fPIC conftest.c  -L. -L/home/sfrizzle/.rbenv/versions/2.6.9/lib -Wl,-rpath,/home/sfrizzle/.rbenv/versions/2.6.9/lib -L. -fstack-protector-strong -rdynamic -Wl,-export-dynamic     -Wl,-rpath,/home/sfrizzle/.rbenv/versions/2.6.9/lib -L/home/sfrizzle/.rbenv/versions/2.6.9/lib -lruby  -lm   -lc"
checked program was:
/* begin */
 1: #include "ruby.h"
 2: 
 3: #include <unistd.h>
 4: 
 5: /*top*/
 6: extern int t(void);
 7: int main(int argc, char **argv)
 8: {
 9:   if (argc > 1000000) {
10:     int (* volatile tp)(void)=(int (*)(void))&t;
11:     printf("%d", (*tp)());
12:   }
13: 
14:   return 0;
15: }
16: int t(void) { void ((*volatile p)()); p = (void ((*)()))fdatasync; return !p; }
/* end */

--------------------

have_func: checking for fstatat() in sys/stat.h... -------------------- yes

"gcc-14 -o conftest -I/home/sfrizzle/.rbenv/versions/2.6.9/include/ruby-2.6.0/x86_64-linux -I/home/sfrizzle/.rbenv/versions/2.6.9/include/ruby-2.6.0/ruby/backward -I/home/sfrizzle/.rbenv/versions/2.6.9/include/ruby-2.6.0 -I.     -std=gnu17 -fPIC conftest.c  -L. -L/home/sfrizzle/.rbenv/versions/2.6.9/lib -Wl,-rpath,/home/sfrizzle/.rbenv/versions/2.6.9/lib -L. -fstack-protector-strong -rdynamic -Wl,-export-dynamic     -Wl,-rpath,/home/sfrizzle/.rbenv/versions/2.6.9/lib -L/home/sfrizzle/.rbenv/versions/2.6.9/lib -lruby  -lm   -lc"
checked program was:
/* begin */
 1: #include "ruby.h"
 2: 
 3: #include <sys/stat.h>
 4: 
 5: /*top*/
 6: extern int t(void);
 7: int main(int argc, char **argv)
 8: {
 9:   if (argc > 1000000) {
10:     int (* volatile tp)(void)=(int (*)(void))&t;
11:     printf("%d", (*tp)());
12:   }
13: 
14:   return 0;
15: }
16: int t(void) { void ((*volatile p)()); p = (void ((*)()))fstatat; return !p; }
/* end */

--------------------

block in append_cppflags: checking for whether -D_GNU_SOURCE is accepted as CPPFLAGS... -------------------- yes

"gcc-14 -E -I/home/sfrizzle/.rbenv/versions/2.6.9/include/ruby-2.6.0/x86_64-linux -I/home/sfrizzle/.rbenv/versions/2.6.9/include/ruby-2.6.0/ruby/backward -I/home/sfrizzle/.rbenv/versions/2.6.9/include/ruby-2.6.0 -I.     -std=gnu17 -fPIC -D_GNU_SOURCE conftest.c -o conftest.i"
checked program was:
/* begin */
1: #include "ruby.h"
2: 
3: int main(int argc, char **argv)
4: {
5:   return 0;
6: }
/* end */

--------------------

block in append_cflags: checking for whether -O3 is accepted as CFLAGS... -------------------- yes

"gcc-14 -I/home/sfrizzle/.rbenv/versions/2.6.9/include/ruby-2.6.0/x86_64-linux -I/home/sfrizzle/.rbenv/versions/2.6.9/include/ruby-2.6.0/ruby/backward -I/home/sfrizzle/.rbenv/versions/2.6.9/include/ruby-2.6.0 -I.    -D_GNU_SOURCE  -std=gnu17 -fPIC  -O3 -Werror -c conftest.c"
checked program was:
/* begin */
1: #include "ruby.h"
2: 
3: int main(int argc, char **argv)
4: {
5:   return 0;
6: }
/* end */

--------------------

block in append_cflags: checking for whether -std=c99 is accepted as CFLAGS... -------------------- yes

"gcc-14 -I/home/sfrizzle/.rbenv/versions/2.6.9/include/ruby-2.6.0/x86_64-linux -I/home/sfrizzle/.rbenv/versions/2.6.9/include/ruby-2.6.0/ruby/backward -I/home/sfrizzle/.rbenv/versions/2.6.9/include/ruby-2.6.0 -I.    -D_GNU_SOURCE  -std=gnu17 -fPIC -O3  -std=c99 -Werror -c conftest.c"
checked program was:
/* begin */
1: #include "ruby.h"
2: 
3: int main(int argc, char **argv)
4: {
5:   return 0;
6: }
/* end */

--------------------

